<?xml version="1.0" encoding="UTF-8"?>
<testsuites name="jest tests" tests="1" failures="0" time="12.393">
  <testsuite name="AppStatiatics" errors="0" failures="0" skipped="0" timestamp="2020-03-30T08:48:18" time="0.547" tests="1">
    <testcase classname="AppStatiatics renders a wrapper" name="AppStatiatics renders a wrapper" time="0.005">
    </testcase>
  </testsuite>
</testsuites>